[debug] [2026-08-03T15:23:00.977Z] ----------------------------------------------------------------------
[debug] [2026-08-03T15:23:00.983Z] Command:       C:\Program Files\nodejs\node.exe C:\Users\m.haseeb\AppData\Roaming\npm\node_modules\firebase-tools\lib\bin\firebase.js init hosting
[debug] [2026-08-03T15:23:00.985Z] CLI Version:   15.25.1
[debug] [2026-08-03T15:23:00.985Z] Platform:      win32
[debug] [2026-08-03T15:23:00.986Z] Node Version:  v22.19.0
[debug] [2026-08-03T15:23:00.987Z] Detected Agent: unknown
[debug] [2026-08-03T15:23:00.987Z] Time:          Mon Aug 03 2026 20:23:00 GMT+0500 (Pakistan Standard Time)
[debug] [2026-08-03T15:23:00.987Z] ----------------------------------------------------------------------
[debug] 
[debug] [2026-08-03T15:23:01.007Z] >>> [apiv2][query] GET https://firebase-public.firebaseio.com/cli.json [none]
[info] 
     ######## #### ########  ######## ########     ###     ######  ########
     ##        ##  ##     ## ##       ##     ##  ##   ##  ##       ##
     ######    ##  ########  ######   ########  #########  ######  ######
     ##        ##  ##    ##  ##       ##     ## ##     ##       ## ##
     ##       #### ##     ## ######## ########  ##     ##  ######  ########

You're about to initialize a Firebase project in this directory:

  E:\course\the snack station

[debug] [2026-08-03T15:23:03.457Z] <<< [apiv2][status] GET https://firebase-public.firebaseio.com/cli.json 200
[debug] [2026-08-03T15:23:03.458Z] <<< [apiv2][body] GET https://firebase-public.firebaseio.com/cli.json {"cloudBuildErrorAfter":1594252800000,"cloudBuildWarnAfter":1590019200000,"defaultNode10After":1594252800000,"minVersion":"3.0.5","node8DeploysDisabledAfter":1613390400000,"node8RuntimeDisabledAfter":1615809600000,"node8WarnAfter":1600128000000}
[info] 
=== Project Setup
[info] 
[info] First, let's associate this project directory with a Firebase project.
[info] You can create multiple project aliases by running firebase use --add, 
[info] 
[debug] [2026-08-03T15:24:09.432Z] > command requires scopes: ["email","openid","https://www.googleapis.com/auth/cloudplatformprojects.readonly","https://www.googleapis.com/auth/firebase","https://www.googleapis.com/auth/cloud-platform"]
[debug] [2026-08-03T15:24:09.433Z] > authorizing via signed-in user (haseeb9424@gmail.com)
[debug] [2026-08-03T15:24:09.434Z] Checked if tokens are valid: false, expires at: 1785219223824
[debug] [2026-08-03T15:24:09.435Z] Checked if tokens are valid: false, expires at: 1785219223824
[debug] [2026-08-03T15:24:09.435Z] > refreshing access token with scopes: []
[debug] [2026-08-03T15:24:09.437Z] >>> [apiv2][query] POST https://www.googleapis.com/oauth2/v3/token [none]
[debug] [2026-08-03T15:24:09.437Z] >>> [apiv2][body] POST https://www.googleapis.com/oauth2/v3/token [omitted]
[debug] [2026-08-03T15:24:09.985Z] <<< [apiv2][status] POST https://www.googleapis.com/oauth2/v3/token 200
[debug] [2026-08-03T15:24:09.986Z] <<< [apiv2][body] POST https://www.googleapis.com/oauth2/v3/token [omitted]
[debug] [2026-08-03T15:24:10.003Z] >>> [apiv2][query] GET https://firebase.googleapis.com/v1beta1/projects pageSize=100
[debug] [2026-08-03T15:24:11.244Z] <<< [apiv2][status] GET https://firebase.googleapis.com/v1beta1/projects 200
[debug] [2026-08-03T15:24:11.244Z] <<< [apiv2][body] GET https://firebase.googleapis.com/v1beta1/projects [omitted]
[info] 
=== Hosting Setup
[debug] [2026-08-03T15:24:15.397Z] Checked if tokens are valid: true, expires at: 1785774248986
[debug] [2026-08-03T15:24:15.398Z] Checked if tokens are valid: true, expires at: 1785774248986
[debug] [2026-08-03T15:24:15.398Z] >>> [apiv2][query] GET https://firebase.googleapis.com/v1beta1/projects/thesnackstation-c6ff9 [none]
[debug] [2026-08-03T15:24:16.051Z] <<< [apiv2][status] GET https://firebase.googleapis.com/v1beta1/projects/thesnackstation-c6ff9 200
[debug] [2026-08-03T15:24:16.051Z] <<< [apiv2][body] GET https://firebase.googleapis.com/v1beta1/projects/thesnackstation-c6ff9 {"projectId":"thesnackstation-c6ff9","projectNumber":"830977242508","displayName":"TheSnackStation","name":"projects/thesnackstation-c6ff9","resources":{"hostingSite":"thesnackstation-c6ff9"},"state":"ACTIVE","labels":{"firebase":"enabled"},"etag":"1_725e94b6-2842-4b13-9df1-4d445aa74c9c"}
[info] 
[info] Your public directory is the folder (relative to your project directory) that
[info] will contain Hosting assets to be uploaded with firebase deploy. If you
[info] have a build process for your assets, use your build's output directory.
[info] 
[info] 
[info] i  Detected a .git folder at E:\course\the snack station 
[info] i  Authorizing with GitHub to upload your service account to a GitHub repository's secrets store. 
[info] 
[info] Visit this URL on this device to log in:
[info] https://github.com/login/oauth/authorize?client_id=89cf50f02ac6aaed3484&state=267480946&redirect_uri=http%3A%2F%2Flocalhost%3A9005&scope=read%3Auser%20repo%20public_repo
[info] 
[info] Waiting for authentication...
[debug] [2026-08-03T15:26:34.909Z] >>> [apiv2][query] POST https://github.com/login/oauth/access_token [none]
[debug] [2026-08-03T15:26:34.909Z] >>> [apiv2][body] POST https://github.com/login/oauth/access_token [stream]
[debug] [2026-08-03T15:26:36.339Z] <<< [apiv2][status] POST https://github.com/login/oauth/access_token 200
[debug] [2026-08-03T15:26:36.340Z] <<< [apiv2][body] POST https://github.com/login/oauth/access_token {"access_token":"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","token_type":"bearer","scope":"read:user,repo"}
[debug] [2026-08-03T15:26:36.349Z] >>> [apiv2][query] GET https://api.github.com/user [none]
[debug] [2026-08-03T15:26:37.159Z] <<< [apiv2][status] GET https://api.github.com/user 200
[debug] [2026-08-03T15:26:37.159Z] <<< [apiv2][body] GET https://api.github.com/user {"login":"haseeb9424","id":236759784,"node_id":"U_kgDODhyq6A","avatar_url":"https://avatars.githubusercontent.com/u/236759784?v=4","gravatar_id":"","url":"https://api.github.com/users/haseeb9424","html_url":"https://github.com/haseeb9424","followers_url":"https://api.github.com/users/haseeb9424/followers","following_url":"https://api.github.com/users/haseeb9424/following{/other_user}","gists_url":"https://api.github.com/users/haseeb9424/gists{/gist_id}","starred_url":"https://api.github.com/users/haseeb9424/starred{/owner}{/repo}","subscriptions_url":"https://api.github.com/users/haseeb9424/subscriptions","organizations_url":"https://api.github.com/users/haseeb9424/orgs","repos_url":"https://api.github.com/users/haseeb9424/repos","events_url":"https://api.github.com/users/haseeb9424/events{/privacy}","received_events_url":"https://api.github.com/users/haseeb9424/received_events","type":"User","user_view_type":"private","site_admin":false,"name":null,"company":null,"blog":"","location":null,"email":null,"hireable":null,"bio":null,"twitter_username":null,"notification_email":null,"public_repos":2,"public_gists":0,"followers":0,"following":0,"created_at":"2025-10-08T07:13:12Z","updated_at":"2026-07-13T15:05:25Z","private_gists":0,"total_private_repos":0,"owned_private_repos":0,"disk_usage":1177,"collaborators":0,"two_factor_authentication":false,"plan":{"name":"free","space":976562499,"collaborators":0,"private_repos":10000}}
[info] 
[info] +  Success! Logged into GitHub as haseeb9424 
[info] 
[debug] [2026-08-03T15:27:56.537Z] >>> [apiv2][query] GET https://api.github.com/repos//actions/secrets/public-key type=owner
[debug] [2026-08-03T15:27:57.339Z] <<< [apiv2][status] GET https://api.github.com/repos//actions/secrets/public-key 404
[debug] [2026-08-03T15:27:57.339Z] <<< [apiv2][body] GET https://api.github.com/repos//actions/secrets/public-key {"message":"Not Found","documentation_url":"https://docs.github.com/rest","status":"404"}
[info] 
[info] 
[error] !  The provided authorization cannot be used with this repository. If this repository is in an organization, did you remember to grant access? 
[info] 
[info] i  Action required: Visit this URL to ensure access has been granted to the appropriate organization(s) for the Firebase CLI GitHub OAuth App: 
[info] https://github.com/settings/connections/applications/89cf50f02ac6aaed3484
[info] 
[debug] [2026-08-03T15:28:14.947Z] >>> [apiv2][query] GET https://api.github.com/repos//actions/secrets/public-key type=owner
[debug] [2026-08-03T15:28:15.666Z] <<< [apiv2][status] GET https://api.github.com/repos//actions/secrets/public-key 404
[debug] [2026-08-03T15:28:15.666Z] <<< [apiv2][body] GET https://api.github.com/repos//actions/secrets/public-key {"message":"Not Found","documentation_url":"https://docs.github.com/rest","status":"404"}
[info] 
[info] 
[error] !  The provided authorization cannot be used with this repository. If this repository is in an organization, did you remember to grant access? 
[info] 
[info] i  Action required: Visit this URL to ensure access has been granted to the appropriate organization(s) for the Firebase CLI GitHub OAuth App: 
[info] https://github.com/settings/connections/applications/89cf50f02ac6aaed3484
[info] 
[debug] [2026-08-03T15:28:46.140Z] >>> [apiv2][query] GET https://api.github.com/repos/haseeb9424.github.io/The-Snack-Station//actions/secrets/public-key type=owner
[debug] [2026-08-03T15:28:46.723Z] <<< [apiv2][status] GET https://api.github.com/repos/haseeb9424.github.io/The-Snack-Station//actions/secrets/public-key 404
[debug] [2026-08-03T15:28:46.723Z] <<< [apiv2][body] GET https://api.github.com/repos/haseeb9424.github.io/The-Snack-Station//actions/secrets/public-key {"message":"Not Found","documentation_url":"https://docs.github.com/rest","status":"404"}
[info] 
[info] 
[error] !  The provided authorization cannot be used with this repository. If this repository is in an organization, did you remember to grant access? 
[info] 
[info] i  Action required: Visit this URL to ensure access has been granted to the appropriate organization(s) for the Firebase CLI GitHub OAuth App: 
[info] https://github.com/settings/connections/applications/89cf50f02ac6aaed3484
[info] 
[debug] [2026-08-03T15:29:27.307Z] ExitPromptError: User force closed the prompt with SIGINT
    at Interface.sigint (C:\Users\m.haseeb\AppData\Roaming\npm\node_modules\firebase-tools\node_modules\@inquirer\core\dist\commonjs\lib\create-prompt.js:101:37)
    at Interface.emit (node:events:519:28)
    at [_ttyWrite] [as _ttyWrite] (node:internal/readline/interface:1132:18)
    at ReadStream.onkeypress (node:internal/readline/interface:271:20)
    at ReadStream.emit (node:events:531:35)
    at emitKeys (node:internal/readline/utils:370:14)
    at emitKeys.next (<anonymous>)
    at ReadStream.onData (node:internal/readline/emitKeypressEvents:64:36)
    at ReadStream.emit (node:events:519:28)
    at addChunk (node:internal/streams/readable:561:12)
[error] 
[error] Error: An unexpected error has occurred.
